// Jest Snapshot v1, https://goo.gl/fbAQLP

exports[`Pruebas en Counter.jsx Deber√≠a hacer match con el snapshot 1`] = `
<div>
  <h1>
    Counter
  </h1>
  <h2>
    10
  </h2>
  <button>
    +1
  </button>
  <button
    aria-label="btn-reset"
  >
    -1
  </button>
  <button>
    Reset
  </button>
</div>
`;
